An error occurred: The process cannot access the file 'C:\Users\Kupo\AppData\Roaming\Google.Apis.Auth\Google.Apis.Auth.OAuth2.Responses.TokenResponse-user' because it is being used by another process.